------------------------------------------------------------
Timing Analyzer Summary
------------------------------------------------------------

Type  : Slow 1100mV 100C Model Setup 'CLK'
Slack : -2.499
TNS   : -87.505

Type  : Slow 1100mV 100C Model Hold 'CLK'
Slack : 0.365
TNS   : 0.000

Type  : Slow 1100mV 100C Model Minimum Pulse Width 'CLK'
Slack : -2.636
TNS   : -103.179

Type  : Slow 1100mV -40C Model Setup 'CLK'
Slack : -2.671
TNS   : -88.674

Type  : Slow 1100mV -40C Model Hold 'CLK'
Slack : 0.350
TNS   : 0.000

Type  : Slow 1100mV -40C Model Minimum Pulse Width 'CLK'
Slack : -2.636
TNS   : -104.950

Type  : Fast 1100mV 100C Model Setup 'CLK'
Slack : -0.851
TNS   : -19.467

Type  : Fast 1100mV 100C Model Hold 'CLK'
Slack : 0.185
TNS   : 0.000

Type  : Fast 1100mV 100C Model Minimum Pulse Width 'CLK'
Slack : -2.174
TNS   : -59.424

Type  : Fast 1100mV -40C Model Setup 'CLK'
Slack : -0.721
TNS   : -13.129

Type  : Fast 1100mV -40C Model Hold 'CLK'
Slack : 0.168
TNS   : 0.000

Type  : Fast 1100mV -40C Model Minimum Pulse Width 'CLK'
Slack : -2.174
TNS   : -59.396

------------------------------------------------------------
